sarthak@sf-cpu-370:~$ cd home
bash: cd: home: No such file or directory
sarthak@sf-cpu-370:~$ cd..
cd..: command not found
sarthak@sf-cpu-370:~$ ..cd
..cd: command not found
sarthak@sf-cpu-370:~$ ls
Desktop    Downloads  OnTime_Logs  projects  snap       Videos
Documents  Music      Pictures     Public    Templates  模板
sarthak@sf-cpu-370:~$ cd projects
sarthak@sf-cpu-370:~/projects$ ls
Flipkart  img
sarthak@sf-cpu-370:~/projects$ cd f
bash: cd: f: No such file or directory
sarthak@sf-cpu-370:~/projects$ cd Flipkart/
sarthak@sf-cpu-370:~/projects/Flipkart$ git config --global user.name sarthak
sarthak@sf-cpu-370:~/projects/Flipkart$ git config --global user.sarthakdhaduk1111@gmail.com
sarthak@sf-cpu-370:~/projects/Flipkart$ git config --global user.email
sarthak@sf-cpu-370:~/projects/Flipkart$ git config --global user.name
sarthak
sarthak@sf-cpu-370:~/projects/Flipkart$ git config --global user.email sarthakdhaduk1111@gmail.com
sarthak@sf-cpu-370:~/projects/Flipkart$ git config --global user.email
sarthakdhaduk1111@gmail.com
sarthak@sf-cpu-370:~/projects/Flipkart$ git init
hint: Using 'master' as the name for the initial branch. This default branch name
hint: is subject to change. To configure the initial branch name to use in all
hint: of your new repositories, which will suppress this warning, call:
hint: 
hint: 	git config --global init.defaultBranch <name>
hint: 
hint: Names commonly chosen instead of 'master' are 'main', 'trunk' and
hint: 'development'. The just-created branch can be renamed via this command:
hint: 
hint: 	git branch -m <name>
Initialized empty Git repository in /home/sarthak/projects/Flipkart/.git/
sarthak@sf-cpu-370:~/projects/Flipkart$ ls -lart
total 40
drwxrwsr-x 2 sarthak installation  4096 Jan  5 17:13 img
-rw-rw-r-- 1 sarthak installation 24341 Jan  6 14:11 index.html
drwxrwsr-x 4 sarthak installation  4096 Jan  6 15:53 ..
drwxrwsr-x 4 sarthak installation  4096 Jan  9 14:02 .
drwxrwsr-x 7 sarthak installation  4096 Jan  9 14:02 .git
sarthak@sf-cpu-370:~/projects/Flipkart$ git status
On branch master

No commits yet

Untracked files:
  (use "git add <file>..." to include in what will be committed)
	img/
	index.html

nothing added to commit but untracked files present (use "git add" to track)
sarthak@sf-cpu-370:~/projects/Flipkart$ git add -A
sarthak@sf-cpu-370:~/projects/Flipkart$ git commit -m "test"
[master (root-commit) e3551ce] test
 30 files changed, 660 insertions(+)
 create mode 100644 img/i1.png
 create mode 100644 img/i10.webp
 create mode 100644 img/i2.webp
 create mode 100644 img/i3.webp
 create mode 100644 img/i4.webp
 create mode 100644 img/i5.webp
 create mode 100644 img/i6.webp
 create mode 100644 img/i7.webp
 create mode 100644 img/i8.webp
 create mode 100644 img/i9.webp
 create mode 100644 img/icon.png
 create mode 100644 img/icon2.png
 create mode 100644 img/p1.webp
 create mode 100644 img/p2.webp
 create mode 100644 img/si1.webp
 create mode 100644 img/si10.webp
 create mode 100644 img/si11.webp
 create mode 100644 img/si12.webp
 create mode 100644 img/si13.webp
 create mode 100644 img/si14.webp
 create mode 100644 img/si15.webp
 create mode 100644 img/si2.webp
 create mode 100644 img/si3.webp
 create mode 100644 img/si4.webp
 create mode 100644 img/si5.webp
 create mode 100644 img/si6.webp
 create mode 100644 img/si7.webp
 create mode 100644 img/si8.webp
 create mode 100644 img/si9.webp
 create mode 100644 index.html
sarthak@sf-cpu-370:~/projects/Flipkart$ git status
On branch master
nothing to commit, working tree clean
sarthak@sf-cpu-370:~/projects/Flipkart$ code.
Command 'code.' not found, did you mean:
  command 'code' from snap code (e8a3071e)
See 'snap info <snapname>' for additional versions.
sarthak@sf-cpu-370:~/projects/Flipkart$ 
sarthak@sf-cpu-370:~/projects/Flipkart$ git checkout index.html
Updated 1 path from the index
sarthak@sf-cpu-370:~/projects/Flipkart$ git diff
sarthak@sf-cpu-370:~/projects/Flipkart$ git deff
git: 'deff' is not a git command. See 'git --help'.

The most similar command is
	diff
sarthak@sf-cpu-370:~/projects/Flipkart$ git status -s
?? demo.log
?? newlog/
sarthak@sf-cpu-370:~/projects/Flipkart$ touch .gitignore
sarthak@sf-cpu-370:~/projects/Flipkart$ git status -s
?? .gitignore
sarthak@sf-cpu-370:~/projects/Flipkart$ git add -A
sarthak@sf-cpu-370:~/projects/Flipkart$ git status -s
A  .gitignore
sarthak@sf-cpu-370:~/projects/Flipkart$ git checkout -b xyz
Switched to a new branch 'xyz'
sarthak@sf-cpu-370:~/projects/Flipkart$ git branch 
  master
* xyz
sarthak@sf-cpu-370:~/projects/Flipkart$ git add -A
sarthak@sf-cpu-370:~/projects/Flipkart$ git status
On branch xyz
Changes to be committed:
  (use "git restore --staged <file>..." to unstage)
	new file:   .gitignore

sarthak@sf-cpu-370:~/projects/Flipkart$ git checkout master 
A	.gitignore
Switched to branch 'master'
sarthak@sf-cpu-370:~/projects/Flipkart$ git checkout xyz 
A	.gitignore
Switched to branch 'xyz'
sarthak@sf-cpu-370:~/projects/Flipkart$ git branch 
  master
* xyz
sarthak@sf-cpu-370:~/projects/Flipkart$ git checkout master 
A	.gitignore
M	index.html
Switched to branch 'master'
sarthak@sf-cpu-370:~/projects/Flipkart$ git checkout index.html
Updated 1 path from the index
sarthak@sf-cpu-370:~/projects/Flipkart$ git status
On branch master
Changes to be committed:
  (use "git restore --staged <file>..." to unstage)
	new file:   .gitignore

sarthak@sf-cpu-370:~/projects/Flipkart$ git add -A
sarthak@sf-cpu-370:~/projects/Flipkart$ git status
On branch master
Changes to be committed:
  (use "git restore --staged <file>..." to unstage)
	new file:   .gitignore

sarthak@sf-cpu-370:~/projects/Flipkart$ git commit -m "down"
[master affae8b] down
 1 file changed, 3 insertions(+)
 create mode 100644 .gitignore
sarthak@sf-cpu-370:~/projects/Flipkart$ git status
On branch master
sarthak@sf-cpu-370:~/projects/Flipkart$ git remote add origin https://github.com/sarthak-dhaduk/test-git.git
sarthak@sf-cpu-370:~/projects/Flipkart$ git remote 
origin
sarthak@sf-cpu-370:~/projects/Flipkart$ git push origin master 
Username for 'https://github.com': sarthak-dhaduk
Password for 'https://sarthak-dhaduk@github.com': 
remote: Support for password authentication was removed on August 13, 2021.
remote: Please see https://docs.github.com/en/get-started/getting-started-with-git/about-remote-repositories#cloning-with-https-urls for information on currently recommended modes of authentication.
fatal: Authentication failed for 'https://github.com/sarthak-dhaduk/test-git.git/'
sarthak@sf-cpu-370:~/projects/Flipkart$ git push origin master 
Username for 'https://github.com': sarthak-dhaduk  
Password for 'https://sarthak-dhaduk@github.com': 
remote: Support for password authentication was removed on August 13, 2021.
remote: Please see https://docs.github.com/en/get-started/getting-started-with-git/about-remote-repositories#cloning-with-https-urls for information on currently recommended modes of authentication.
fatal: Authentication failed for 'https://github.com/sarthak-dhaduk/test-git.git/'
sarthak@sf-cpu-370:~/projects/Flipkart$ ^[[200~$ ssh-keygen -t ed25519 -C "sarthakdhaduk1111@gmail.com"~
$: command not found
sarthak@sf-cpu-370:~/projects/Flipkart$  ssh-keygen -t ed25519 -C "sarthakdhaduk1111@gmail.com"
Generating public/private ed25519 key pair.
Enter file in which to save the key (/home/sarthak/.ssh/id_ed25519): desktop
Enter passphrase (empty for no passphrase): 
Enter same passphrase again: 
Your identification has been saved in desktop
Your public key has been saved in desktop.pub
The key fingerprint is:
SHA256:cxPrbXn8k4jwDttZbaF4uPSvLBWpS3PaxcWtj5sSYZ4 sarthakdhaduk1111@gmail.com
The key's randomart image is:
+--[ED25519 256]--+
|                 |
|                 |
|          .   ...|
|           ooo  +|
|        S +o.ooo.|
|         = *E=+o.|
|         .=+%===.|
|          =BO+o=.|
|         ..=.==oo|
+----[SHA256]-----+
sarthak@sf-cpu-370:~/projects/Flipkart$ eval "$(ssh-agent -s)"
Agent pid 68653
sarthak@sf-cpu-370:~/projects/Flipkart$ $ ssh-add ~/.ssh/id_ed25519
$: command not found
sarthak@sf-cpu-370:~/projects/Flipkart$  ssh-add ~/.ssh/id_ed25519
/home/sarthak/.ssh/id_ed25519: No such file or directory
sarthak@sf-cpu-370:~/projects/Flipkart$ git remote add origin git@github.com:sarthak-dhaduk/test-git.git
error: remote origin already exists.
sarthak@sf-cpu-370:~/projects/Flipkart$ git remote add originn git@github.com:sarthak-dhaduk/test-git.git
sarthak@sf-cpu-370:~/projects/Flipkart$ git remote 
origin
originn
sarthak@sf-cpu-370:~/projects/Flipkart$ git push originn master 
The authenticity of host 'github.com (20.207.73.82)' can't be established.
ED25519 key fingerprint is SHA256:+DiY3wvvV6TuJJhbpZisF/zLDA0zPMSvHdkr4UvCOqU.
This key is not known by any other names
Are you sure you want to continue connecting (yes/no/[fingerprint])? yes
Warning: Permanently added 'github.com' (ED25519) to the list of known hosts.
git@github.com: Permission denied (publickey).
fatal: Could not read from remote repository.

Please make sure you have the correct access rights
and the repository exists.
sarthak@sf-cpu-370:~/projects/Flipkart$ git config global use.name
error: key does not contain a section: global
sarthak@sf-cpu-370:~/projects/Flipkart$ git config --global user.email
sarthakdhaduk1111@gmail.com
sarthak@sf-cpu-370:~/projects/Flipkart$ git config --global user.name
sarthak
sarthak@sf-cpu-370:~/projects/Flipkart$ 

